0101100111001111010110001011001110011110101100